Archive member included to satisfy reference by file (symbol)

c:/program files (x86)/atmel/studio/7.0/toolchain/arm/arm-gnu-toolchain/bin/../lib/gcc/arm-none-eabi/6.3.1/thumb/v6-m\libgcc.a(_udivsi3.o)
                              hpl/core/hpl_core_m0plus_base.o (__aeabi_uidiv)
c:/program files (x86)/atmel/studio/7.0/toolchain/arm/arm-gnu-toolchain/bin/../lib/gcc/arm-none-eabi/6.3.1/thumb/v6-m\libgcc.a(_dvmd_tls.o)
                              c:/program files (x86)/atmel/studio/7.0/toolchain/arm/arm-gnu-toolchain/bin/../lib/gcc/arm-none-eabi/6.3.1/thumb/v6-m\libgcc.a(_udivsi3.o) (__aeabi_idiv0)
c:/program files (x86)/atmel/studio/7.0/toolchain/arm/arm-gnu-toolchain/bin/../lib/gcc/arm-none-eabi/6.3.1/thumb/v6-m\libgcc.a(_aeabi_uldivmod.o)
                              hpl/sercom/hpl_sercom.o (__aeabi_uldivmod)
c:/program files (x86)/atmel/studio/7.0/toolchain/arm/arm-gnu-toolchain/bin/../lib/gcc/arm-none-eabi/6.3.1/thumb/v6-m\libgcc.a(_muldi3.o)
                              hpl/sercom/hpl_sercom.o (__aeabi_lmul)
c:/program files (x86)/atmel/studio/7.0/toolchain/arm/arm-gnu-toolchain/bin/../lib/gcc/arm-none-eabi/6.3.1/thumb/v6-m\libgcc.a(_fixunsdfsi.o)
                              hpl/sercom/hpl_sercom.o (__aeabi_d2uiz)
c:/program files (x86)/atmel/studio/7.0/toolchain/arm/arm-gnu-toolchain/bin/../lib/gcc/arm-none-eabi/6.3.1/thumb/v6-m\libgcc.a(_udivmoddi4.o)
                              c:/program files (x86)/atmel/studio/7.0/toolchain/arm/arm-gnu-toolchain/bin/../lib/gcc/arm-none-eabi/6.3.1/thumb/v6-m\libgcc.a(_aeabi_uldivmod.o) (__udivmoddi4)
c:/program files (x86)/atmel/studio/7.0/toolchain/arm/arm-gnu-toolchain/bin/../lib/gcc/arm-none-eabi/6.3.1/thumb/v6-m\libgcc.a(divdf3.o)
                              hpl/sercom/hpl_sercom.o (__aeabi_ddiv)
c:/program files (x86)/atmel/studio/7.0/toolchain/arm/arm-gnu-toolchain/bin/../lib/gcc/arm-none-eabi/6.3.1/thumb/v6-m\libgcc.a(muldf3.o)
                              hpl/sercom/hpl_sercom.o (__aeabi_dmul)
c:/program files (x86)/atmel/studio/7.0/toolchain/arm/arm-gnu-toolchain/bin/../lib/gcc/arm-none-eabi/6.3.1/thumb/v6-m\libgcc.a(subdf3.o)
                              hpl/sercom/hpl_sercom.o (__aeabi_dsub)
c:/program files (x86)/atmel/studio/7.0/toolchain/arm/arm-gnu-toolchain/bin/../lib/gcc/arm-none-eabi/6.3.1/thumb/v6-m\libgcc.a(fixdfsi.o)
                              c:/program files (x86)/atmel/studio/7.0/toolchain/arm/arm-gnu-toolchain/bin/../lib/gcc/arm-none-eabi/6.3.1/thumb/v6-m\libgcc.a(_fixunsdfsi.o) (__aeabi_d2iz)
c:/program files (x86)/atmel/studio/7.0/toolchain/arm/arm-gnu-toolchain/bin/../lib/gcc/arm-none-eabi/6.3.1/thumb/v6-m\libgcc.a(floatsidf.o)
                              hpl/sercom/hpl_sercom.o (__aeabi_i2d)
c:/program files (x86)/atmel/studio/7.0/toolchain/arm/arm-gnu-toolchain/bin/../lib/gcc/arm-none-eabi/6.3.1/thumb/v6-m\libgcc.a(floatunsidf.o)
                              hpl/sercom/hpl_sercom.o (__aeabi_ui2d)
c:/program files (x86)/atmel/studio/7.0/toolchain/arm/arm-gnu-toolchain/bin/../lib/gcc/arm-none-eabi/6.3.1/thumb/v6-m\libgcc.a(_arm_cmpdf2.o)
                              c:/program files (x86)/atmel/studio/7.0/toolchain/arm/arm-gnu-toolchain/bin/../lib/gcc/arm-none-eabi/6.3.1/thumb/v6-m\libgcc.a(_fixunsdfsi.o) (__aeabi_dcmpge)
c:/program files (x86)/atmel/studio/7.0/toolchain/arm/arm-gnu-toolchain/bin/../lib/gcc/arm-none-eabi/6.3.1/thumb/v6-m\libgcc.a(_clzsi2.o)
                              c:/program files (x86)/atmel/studio/7.0/toolchain/arm/arm-gnu-toolchain/bin/../lib/gcc/arm-none-eabi/6.3.1/thumb/v6-m\libgcc.a(divdf3.o) (__clzsi2)
c:/program files (x86)/atmel/studio/7.0/toolchain/arm/arm-gnu-toolchain/bin/../lib/gcc/arm-none-eabi/6.3.1/thumb/v6-m\libgcc.a(_clzdi2.o)
                              c:/program files (x86)/atmel/studio/7.0/toolchain/arm/arm-gnu-toolchain/bin/../lib/gcc/arm-none-eabi/6.3.1/thumb/v6-m\libgcc.a(_udivmoddi4.o) (__clzdi2)
c:/program files (x86)/atmel/studio/7.0/toolchain/arm/arm-gnu-toolchain/bin/../lib/gcc/arm-none-eabi/6.3.1/thumb/v6-m\libgcc.a(eqdf2.o)
                              c:/program files (x86)/atmel/studio/7.0/toolchain/arm/arm-gnu-toolchain/bin/../lib/gcc/arm-none-eabi/6.3.1/thumb/v6-m\libgcc.a(_arm_cmpdf2.o) (__eqdf2)
c:/program files (x86)/atmel/studio/7.0/toolchain/arm/arm-gnu-toolchain/bin/../lib/gcc/arm-none-eabi/6.3.1/thumb/v6-m\libgcc.a(gedf2.o)
                              c:/program files (x86)/atmel/studio/7.0/toolchain/arm/arm-gnu-toolchain/bin/../lib/gcc/arm-none-eabi/6.3.1/thumb/v6-m\libgcc.a(_arm_cmpdf2.o) (__gedf2)
c:/program files (x86)/atmel/studio/7.0/toolchain/arm/arm-gnu-toolchain/bin/../lib/gcc/arm-none-eabi/6.3.1/thumb/v6-m\libgcc.a(ledf2.o)
                              c:/program files (x86)/atmel/studio/7.0/toolchain/arm/arm-gnu-toolchain/bin/../lib/gcc/arm-none-eabi/6.3.1/thumb/v6-m\libgcc.a(_arm_cmpdf2.o) (__ledf2)
[...]
Memory Configuration

Name             Origin             Length             Attributes
rom              0x00000000         0x00040000         xr
ram              0x20000000         0x00008000         xrw
*default*        0x00000000         0xffffffff

Linker script and memory map

LOAD c:/program files (x86)/atmel/studio/7.0/toolchain/arm/arm-gnu-toolchain/bin/../lib/gcc/arm-none-eabi/6.3.1/thumb/v6-m/crti.o
LOAD c:/program files (x86)/atmel/studio/7.0/toolchain/arm/arm-gnu-toolchain/bin/../lib/gcc/arm-none-eabi/6.3.1/thumb/v6-m/crtbegin.o
LOAD c:/program files (x86)/atmel/studio/7.0/toolchain/arm/arm-gnu-toolchain/bin/../lib/gcc/arm-none-eabi/6.3.1/../../../../arm-none-eabi/lib/thumb/v6-m/crt0.o
LOAD atmel_start.o
LOAD Device_Startup/startup_samd20.o
LOAD Device_Startup/system_samd20.o
LOAD driver_init.o
LOAD examples/driver_examples.o
LOAD hal/src/hal_atomic.o
LOAD hal/src/hal_delay.o
LOAD hal/src/hal_gpio.o
LOAD hal/src/hal_init.o
LOAD hal/src/hal_io.o
LOAD hal/src/hal_sleep.o
LOAD hal/src/hal_usart_async.o
LOAD hal/utils/src/utils_assert.o
LOAD hal/utils/src/utils_event.o
LOAD hal/utils/src/utils_list.o
LOAD hal/utils/src/utils_ringbuffer.o
LOAD hal/utils/src/utils_syscalls.o
LOAD hpl/core/hpl_core_m0plus_base.o
LOAD hpl/core/hpl_init.o
LOAD hpl/gclk/hpl_gclk.o
LOAD hpl/pm/hpl_pm.o
LOAD hpl/sercom/hpl_sercom.o
LOAD hpl/sysctrl/hpl_sysctrl.o
LOAD main.o
START GROUP
LOAD c:/program files (x86)/atmel/studio/7.0/toolchain/arm/arm-gnu-toolchain/bin/../lib/gcc/arm-none-eabi/6.3.1/../../../../arm-none-eabi/lib/thumb/v6-m\libm.a
END GROUP
START GROUP
LOAD c:/program files (x86)/atmel/studio/7.0/toolchain/arm/arm-gnu-toolchain/bin/../lib/gcc/arm-none-eabi/6.3.1/thumb/v6-m\libgcc.a
LOAD c:/program files (x86)/atmel/studio/7.0/toolchain/arm/arm-gnu-toolchain/bin/../lib/gcc/arm-none-eabi/6.3.1/../../../../arm-none-eabi/lib/thumb/v6-m\libc_nano.a
END GROUP
START GROUP
LOAD c:/program files (x86)/atmel/studio/7.0/toolchain/arm/arm-gnu-toolchain/bin/../lib/gcc/arm-none-eabi/6.3.1/thumb/v6-m\libgcc.a
LOAD c:/program files (x86)/atmel/studio/7.0/toolchain/arm/arm-gnu-toolchain/bin/../lib/gcc/arm-none-eabi/6.3.1/../../../../arm-none-eabi/lib/thumb/v6-m\libc_nano.a
END GROUP
LOAD c:/program files (x86)/atmel/studio/7.0/toolchain/arm/arm-gnu-toolchain/bin/../lib/gcc/arm-none-eabi/6.3.1/thumb/v6-m/crtend.o
LOAD c:/program files (x86)/atmel/studio/7.0/toolchain/arm/arm-gnu-toolchain/bin/../lib/gcc/arm-none-eabi/6.3.1/thumb/v6-m/crtn.o
                0x00002000                STACK_SIZE = DEFINED (STACK_SIZE)?STACK_SIZE:DEFINED (__stack_size__)?__stack_size__:0x2000

.text           0x00000000      0xba4
                0x00000000                . = ALIGN (0x4)
                0x00000000                _sfixed = .
 *(.vectors .vectors.*)
 .vectors       0x00000000       0xa4 Device_Startup/startup_samd20.o
                0x00000000                exception_table
 *(.text .text.* .gnu.linkonce.t.*)
 .text          0x000000a4       0x60 c:/program files (x86)/atmel/studio/7.0/toolchain/arm/arm-gnu-toolchain/bin/../lib/gcc/arm-none-eabi/6.3.1/thumb/v6-m/crtbegin.o
 .text.atmel_start_init
                0x00000104        0xc atmel_start.o
                0x00000104                atmel_start_init
 .text.Dummy_Handler
                0x00000110        0x2 Device_Startup/startup_samd20.o
                0x00000110                SVCall_Handler
                0x00000110                HardFault_Handler
                0x00000110                TC2_Handler
                0x00000110                AC_Handler
                0x00000110                SysTick_Handler
                0x00000110                PendSV_Handler
                0x00000110                TC7_Handler
                0x00000110                SERCOM1_Handler
                0x00000110                ADC_Handler
                0x00000110                NonMaskableInt_Handler
                0x00000110                SERCOM2_Handler
                0x00000110                RTC_Handler
                0x00000110                EIC_Handler
                0x00000110                TC6_Handler
                0x00000110                WDT_Handler
                0x00000110                TC4_Handler
                0x00000110                TC1_Handler
                0x00000110                TC3_Handler
                0x00000110                Dummy_Handler
                0x00000110                PM_Handler
                0x00000110                SERCOM5_Handler
                0x00000110                EVSYS_Handler
                0x00000110                SERCOM3_Handler
                0x00000110                SERCOM4_Handler
                0x00000110                NVMCTRL_Handler
                0x00000110                DAC_Handler
                0x00000110                PTC_Handler
                0x00000110                TC0_Handler
                0x00000110                TC5_Handler
                0x00000110                SYSCTRL_Handler
 *fill*         0x00000112        0x2 
 .text.Reset_Handler
                0x00000114       0x98 Device_Startup/startup_samd20.o
                0x00000114                Reset_Handler
 .text.USART_0_CLOCK_init
                0x000001ac       0x20 driver_init.o
                0x000001ac                USART_0_CLOCK_init
 .text.USART_0_PORT_init
                0x000001cc       0x40 driver_init.o
                0x000001cc                USART_0_PORT_init
 .text.USART_0_init
                0x0000020c       0x38 driver_init.o
                0x0000020c                USART_0_init
 .text.system_init
                0x00000244       0x40 driver_init.o
                0x00000244                system_init
 .text.atomic_enter_critical
                0x00000284        0xe hal/src/hal_atomic.o
                0x00000284                atomic_enter_critical
 .text.atomic_leave_critical
                0x00000292        0xc hal/src/hal_atomic.o
                0x00000292                atomic_leave_critical
 *fill*         0x0000029e        0x2 
 .text.io_write
                0x000002a0       0x34 hal/src/hal_io.o
                0x000002a0                io_write
 .text.io_read  0x000002d4       0x34 hal/src/hal_io.o
                0x000002d4                io_read
 .text.usart_transmission_complete
                0x00000308       0x12 hal/src/hal_usart_async.o
 .text.usart_error
                0x0000031a       0x12 hal/src/hal_usart_async.o
 .text.usart_fill_rx_buffer
                0x0000032c       0x1c hal/src/hal_usart_async.o
 .text.usart_async_write
                0x00000348       0x64 hal/src/hal_usart_async.o
 .text.usart_process_byte_sent
                0x000003ac       0x40 hal/src/hal_usart_async.o
 .text.usart_async_read
                0x000003ec       0xe0 hal/src/hal_usart_async.o
 .text.usart_async_init
                0x000004cc       0x98 hal/src/hal_usart_async.o
                0x000004cc                usart_async_init
 .text.usart_async_enable
                0x00000564       0x2c hal/src/hal_usart_async.o
                0x00000564                usart_async_enable
 .text.usart_async_get_io_descriptor
                0x00000590       0x2c hal/src/hal_usart_async.o
                0x00000590                usart_async_get_io_descriptor
 .text.usart_async_register_callback
                0x000005bc       0x78 hal/src/hal_usart_async.o
                0x000005bc                usart_async_register_callback
 .text.assert   0x00000634        0x8 hal/utils/src/utils_assert.o
                0x00000634                assert
 .text.ringbuffer_init
                0x0000063c       0x54 hal/utils/src/utils_ringbuffer.o
                0x0000063c                ringbuffer_init
 .text.ringbuffer_get
                0x00000690       0x48 hal/utils/src/utils_ringbuffer.o
                0x00000690                ringbuffer_get
 .text.ringbuffer_put
                0x000006d8       0x40 hal/utils/src/utils_ringbuffer.o
                0x000006d8                ringbuffer_put
 .text.ringbuffer_num
                0x00000718       0x24 hal/utils/src/utils_ringbuffer.o
                0x00000718                ringbuffer_num
 .text._init_chip
                0x0000073c       0x30 hpl/core/hpl_init.o
                0x0000073c                _init_chip
 .text._gclk_init_generators_by_fref
                0x0000076c       0x20 hpl/gclk/hpl_gclk.o
                0x0000076c                _gclk_init_generators_by_fref
 .text._pm_init
                0x0000078c       0x20 hpl/pm/hpl_pm.o
                0x0000078c                _pm_init
 .text._usart_init
                0x000007ac       0x88 hpl/sercom/hpl_sercom.o
 .text._usart_async_init
                0x00000834       0x7c hpl/sercom/hpl_sercom.o
                0x00000834                _usart_async_init
 .text._usart_async_enable
                0x000008b0       0x12 hpl/sercom/hpl_sercom.o
                0x000008b0                _usart_async_enable
 .text._usart_async_write_byte
                0x000008c2        0x8 hpl/sercom/hpl_sercom.o
                0x000008c2                _usart_async_write_byte
 .text._usart_async_enable_byte_sent_irq
                0x000008ca        0x8 hpl/sercom/hpl_sercom.o
                0x000008ca                _usart_async_enable_byte_sent_irq
 .text._usart_async_enable_tx_done_irq
                0x000008d2        0x8 hpl/sercom/hpl_sercom.o
                0x000008d2                _usart_async_enable_tx_done_irq
 *fill*         0x000008da        0x2 
 .text._usart_async_set_irq_state
                0x000008dc       0x5c hpl/sercom/hpl_sercom.o
                0x000008dc                _usart_async_set_irq_state
 .text.SERCOM0_Handler
                0x00000938       0x58 hpl/sercom/hpl_sercom.o
                0x00000938                SERCOM0_Handler
 .text._sysctrl_init_sources
                0x00000990       0x48 hpl/sysctrl/hpl_sysctrl.o
                0x00000990                _sysctrl_init_sources
 .text._sysctrl_init_referenced_generators
                0x000009d8       0x10 hpl/sysctrl/hpl_sysctrl.o
                0x000009d8                _sysctrl_init_referenced_generators
 .text.tx_cb_USART_0
                0x000009e8        0xc main.o
 .text.rx_cb_USART_0
                0x000009f4        0xc main.o
 .text.err_cb_USART_COM
                0x00000a00       0x1c main.o
 .text.main     0x00000a1c       0xac main.o
                0x00000a1c                main
 .text.__libc_init_array
                0x00000ac8       0x48 c:/program files (x86)/atmel/studio/7.0/toolchain/arm/arm-gnu-toolchain/bin/../lib/gcc/arm-none-eabi/6.3.1/../../../../arm-none-eabi/lib/thumb/v6-m\libc_nano.a(lib_a-init.o)
                0x00000ac8                __libc_init_array
 *(.glue_7t)
 .glue_7t       0x00000b10        0x0 linker stubs
 *(.glue_7)
 .glue_7        0x00000b10        0x0 linker stubs
 *(.rodata .rodata* .gnu.linkonce.r.*)
 .rodata.str1.4
                0x00000b10       0x14 hal/src/hal_io.o
 .rodata.str1.4
                0x00000b24       0x1d hal/src/hal_usart_async.o
 *fill*         0x00000b41        0x3 
 .rodata.str1.4
                0x00000b44       0x24 hal/utils/src/utils_ringbuffer.o
 .rodata.str1.4
                0x00000b68       0x1c hpl/sercom/hpl_sercom.o
                                 0x1b (size before relaxing)
 *(.ARM.extab* .gnu.linkonce.armextab.*)
                0x00000b84                . = ALIGN (0x4)
 *(.init)
 .init          0x00000b84        0x4 c:/program files (x86)/atmel/studio/7.0/toolchain/arm/arm-gnu-toolchain/bin/../lib/gcc/arm-none-eabi/6.3.1/thumb/v6-m/crti.o
                0x00000b84                _init
 .init          0x00000b88        0x8 c:/program files (x86)/atmel/studio/7.0/toolchain/arm/arm-gnu-toolchain/bin/../lib/gcc/arm-none-eabi/6.3.1/thumb/v6-m/crtn.o
                0x00000b90                . = ALIGN (0x4)
                0x00000b90                __preinit_array_start = .
 *(.preinit_array)
                0x00000b90                __preinit_array_end = .
                0x00000b90                . = ALIGN (0x4)
                0x00000b90                __init_array_start = .
 *(SORT(.init_array.*))
 *(.init_array)
 .init_array    0x00000b90        0x4 c:/program files (x86)/atmel/studio/7.0/toolchain/arm/arm-gnu-toolchain/bin/../lib/gcc/arm-none-eabi/6.3.1/thumb/v6-m/crtbegin.o
                0x00000b94                __init_array_end = .
                0x00000b94                . = ALIGN (0x4)
 *crtbegin.o(.ctors)
 *(EXCLUDE_FILE(*crtend.o) .ctors)
 *(SORT(.ctors.*))
 *crtend.o(.ctors)
                0x00000b94                . = ALIGN (0x4)
 *(.fini)
 .fini          0x00000b94        0x4 c:/program files (x86)/atmel/studio/7.0/toolchain/arm/arm-gnu-toolchain/bin/../lib/gcc/arm-none-eabi/6.3.1/thumb/v6-m/crti.o
                0x00000b94                _fini
 .fini          0x00000b98        0x8 c:/program files (x86)/atmel/studio/7.0/toolchain/arm/arm-gnu-toolchain/bin/../lib/gcc/arm-none-eabi/6.3.1/thumb/v6-m/crtn.o
                0x00000ba0                . = ALIGN (0x4)
                0x00000ba0                __fini_array_start = .
 *(.fini_array)
 .fini_array    0x00000ba0        0x4 c:/program files (x86)/atmel/studio/7.0/toolchain/arm/arm-gnu-toolchain/bin/../lib/gcc/arm-none-eabi/6.3.1/thumb/v6-m/crtbegin.o
 *(SORT(.fini_array.*))
                0x00000ba4                __fini_array_end = .
 *crtbegin.o(.dtors)
 *(EXCLUDE_FILE(*crtend.o) .dtors)
 *(SORT(.dtors.*))
 *crtend.o(.dtors)
                0x00000ba4                . = ALIGN (0x4)
                0x00000ba4                _efixed = .
                [!provide]                PROVIDE (__exidx_start, .)

.vfp11_veneer   0x00000ba4        0x0
 .vfp11_veneer  0x00000ba4        0x0 linker stubs

.v4_bx          0x00000ba4        0x0
 .v4_bx         0x00000ba4        0x0 linker stubs

.iplt           0x00000ba4        0x0
 .iplt          0x00000ba4        0x0 c:/program files (x86)/atmel/studio/7.0/toolchain/arm/arm-gnu-toolchain/bin/../lib/gcc/arm-none-eabi/6.3.1/thumb/v6-m/crtbegin.o

.eh_frame       0x00000ba4        0x0
 .eh_frame      0x00000ba4        0x0 c:/program files (x86)/atmel/studio/7.0/toolchain/arm/arm-gnu-toolchain/bin/../lib/gcc/arm-none-eabi/6.3.1/thumb/v6-m/crtbegin.o

.rel.dyn        0x00000ba4        0x0
 .rel.iplt      0x00000ba4        0x0 c:/program files (x86)/atmel/studio/7.0/toolchain/arm/arm-gnu-toolchain/bin/../lib/gcc/arm-none-eabi/6.3.1/thumb/v6-m/crtbegin.o

.jcr            0x00000ba4        0x0
 .jcr           0x00000ba4        0x0 c:/program files (x86)/atmel/studio/7.0/toolchain/arm/arm-gnu-toolchain/bin/../lib/gcc/arm-none-eabi/6.3.1/thumb/v6-m/crtbegin.o

.igot.plt       0x00000ba4        0x0
 .igot.plt      0x00000ba4        0x0 c:/program files (x86)/atmel/studio/7.0/toolchain/arm/arm-gnu-toolchain/bin/../lib/gcc/arm-none-eabi/6.3.1/thumb/v6-m/crtbegin.o

.ARM.exidx
 *(.ARM.exidx* .gnu.linkonce.armexidx.*)
                [!provide]                PROVIDE (__exidx_end, .)
                0x00000ba4                . = ALIGN (0x4)
                0x00000ba4                _etext = .

.relocate       0x20000000        0xc load address 0x00000ba4
                0x20000000                . = ALIGN (0x4)
                0x20000000                _srelocate = .
 *(.ramfunc .ramfunc.*)
 *(.data .data.*)
 .data          0x20000000        0xc main.o
                0x2000000c                . = ALIGN (0x4)
                0x2000000c                _erelocate = .

.bss            0x2000000c       0x84 load address 0x00000bb0
                0x2000000c                . = ALIGN (0x4)
                0x2000000c                _sbss = .
                0x2000000c                _szero = .
 *(.bss .bss.*)
 .bss           0x2000000c       0x1c c:/program files (x86)/atmel/studio/7.0/toolchain/arm/arm-gnu-toolchain/bin/../lib/gcc/arm-none-eabi/6.3.1/thumb/v6-m/crtbegin.o
 .bss           0x20000028       0x10 driver_init.o
 .bss           0x20000038        0x4 hpl/sercom/hpl_sercom.o
 .bss           0x2000003c        0x4 main.o
 *(COMMON)
 COMMON         0x20000040       0x50 driver_init.o
                0x20000040                USART_0
                0x20000090                . = ALIGN (0x4)
                0x20000090                _ebss = .
                0x20000090                _ezero = .

.stack          0x20000090     0x2000 load address 0x00000c34
                0x20000090                . = ALIGN (0x8)
                0x20000090                _sstack = .
                0x20002090                . = (. + STACK_SIZE)
 *fill*         0x20000090     0x2000 
                0x20002090                . = ALIGN (0x8)
                0x20002090                _estack = .
                0x20002090                . = ALIGN (0x4)
                0x20002090                _end = .
OUTPUT(HAL_USART_INTERFACE_CALLBACK.elf elf32-littlearm)

.ARM.attributes
                0x00000000       0x28
 .ARM.attributes
                0x00000000       0x1e c:/program files (x86)/atmel/studio/7.0/toolchain/arm/arm-gnu-toolchain/bin/../lib/gcc/arm-none-eabi/6.3.1/thumb/v6-m/crti.o
 .ARM.attributes
                0x0000001e       0x2c c:/program files (x86)/atmel/studio/7.0/toolchain/arm/arm-gnu-toolchain/bin/../lib/gcc/arm-none-eabi/6.3.1/thumb/v6-m/crtbegin.o
 .ARM.attributes
                0x0000004a       0x32 atmel_start.o
 .ARM.attributes
                0x0000007c       0x32 Device_Startup/startup_samd20.o
 .ARM.attributes
                0x000000ae       0x32 driver_init.o
 .ARM.attributes
                0x000000e0       0x32 hal/src/hal_atomic.o
 .ARM.attributes
                0x00000112       0x32 hal/src/hal_io.o
 .ARM.attributes
                0x00000144       0x32 hal/src/hal_usart_async.o
 .ARM.attributes
                0x00000176       0x32 hal/utils/src/utils_assert.o
 .ARM.attributes
                0x000001a8       0x32 hal/utils/src/utils_ringbuffer.o
 .ARM.attributes
                0x000001da       0x32 hpl/core/hpl_init.o
 .ARM.attributes
                0x0000020c       0x32 hpl/gclk/hpl_gclk.o
 .ARM.attributes
                0x0000023e       0x32 hpl/pm/hpl_pm.o
 .ARM.attributes
                0x00000270       0x32 hpl/sercom/hpl_sercom.o
 .ARM.attributes
                0x000002a2       0x32 hpl/sysctrl/hpl_sysctrl.o
 .ARM.attributes
                0x000002d4       0x32 main.o
 .ARM.attributes
                0x00000306       0x2c c:/program files (x86)/atmel/studio/7.0/toolchain/arm/arm-gnu-toolchain/bin/../lib/gcc/arm-none-eabi/6.3.1/../../../../arm-none-eabi/lib/thumb/v6-m\libc_nano.a(lib_a-init.o)
 .ARM.attributes
                0x00000332       0x1e c:/program files (x86)/atmel/studio/7.0/toolchain/arm/arm-gnu-toolchain/bin/../lib/gcc/arm-none-eabi/6.3.1/thumb/v6-m/crtn.o

.comment        0x00000000       0x59
 .comment       0x00000000       0x59 atmel_start.o
                                 0x5a (size before relaxing)
 .comment       0x00000059       0x5a Device_Startup/startup_samd20.o
 .comment       0x00000059       0x5a driver_init.o
 .comment       0x00000059       0x5a hal/src/hal_atomic.o
 .comment       0x00000059       0x5a hal/src/hal_io.o
 .comment       0x00000059       0x5a hal/src/hal_usart_async.o
 .comment       0x00000059       0x5a hal/utils/src/utils_assert.o
 .comment       0x00000059       0x5a hal/utils/src/utils_ringbuffer.o
 .comment       0x00000059       0x5a hpl/core/hpl_init.o
 .comment       0x00000059       0x5a hpl/gclk/hpl_gclk.o
 .comment       0x00000059       0x5a hpl/pm/hpl_pm.o
 .comment       0x00000059       0x5a hpl/sercom/hpl_sercom.o
 .comment       0x00000059       0x5a hpl/sysctrl/hpl_sysctrl.o
 .comment       0x00000059       0x5a main.o

.debug_info     0x00000000    0x144ff
 .debug_info    0x00000000      0x3d3 atmel_start.o
 .debug_info    0x000003d3      0x9c4 Device_Startup/startup_samd20.o
 .debug_info    0x00000d97     0x44ea driver_init.o
 .debug_info    0x00005281      0x1d1 hal/src/hal_atomic.o
 .debug_info    0x00005452      0x2b2 hal/src/hal_io.o
 .debug_info    0x00005704     0x1366 hal/src/hal_usart_async.o
 .debug_info    0x00006a6a      0x107 hal/utils/src/utils_assert.o
 .debug_info    0x00006b71      0x313 hal/utils/src/utils_ringbuffer.o
 .debug_info    0x00006e84      0x677 hpl/core/hpl_init.o
 .debug_info    0x000074fb      0x4e1 hpl/gclk/hpl_gclk.o
 .debug_info    0x000079dc      0xbfe hpl/pm/hpl_pm.o
 .debug_info    0x000085da     0xa0ec hpl/sercom/hpl_sercom.o
 .debug_info    0x000126c6     0x10e1 hpl/sysctrl/hpl_sysctrl.o
 .debug_info    0x000137a7      0xd58 main.o

.debug_abbrev   0x00000000     0x1cf3
 .debug_abbrev  0x00000000       0xe3 atmel_start.o
 .debug_abbrev  0x000000e3      0x1e4 Device_Startup/startup_samd20.o
 .debug_abbrev  0x000002c7      0x37b driver_init.o
 .debug_abbrev  0x00000642      0x144 hal/src/hal_atomic.o
 .debug_abbrev  0x00000786      0x115 hal/src/hal_io.o
 .debug_abbrev  0x0000089b      0x29d hal/src/hal_usart_async.o
 .debug_abbrev  0x00000b38       0x86 hal/utils/src/utils_assert.o
 .debug_abbrev  0x00000bbe      0x101 hal/utils/src/utils_ringbuffer.o
 .debug_abbrev  0x00000cbf      0x1cc hpl/core/hpl_init.o
 .debug_abbrev  0x00000e8b      0x1c3 hpl/gclk/hpl_gclk.o
 .debug_abbrev  0x0000104e      0x226 hpl/pm/hpl_pm.o
 .debug_abbrev  0x00001274      0x593 hpl/sercom/hpl_sercom.o
 .debug_abbrev  0x00001807      0x20c hpl/sysctrl/hpl_sysctrl.o
 .debug_abbrev  0x00001a13      0x2e0 main.o

.debug_loc      0x00000000     0x8909
 .debug_loc     0x00000000       0x20 atmel_start.o
 .debug_loc     0x00000020       0x40 Device_Startup/startup_samd20.o
 .debug_loc     0x00000060      0x3c8 driver_init.o
 .debug_loc     0x00000428       0x13 hal/src/hal_atomic.o
 .debug_loc     0x0000043b      0x18a hal/src/hal_io.o
 .debug_loc     0x000005c5      0xf97 hal/src/hal_usart_async.o
 .debug_loc     0x0000155c      0x2d1 hal/utils/src/utils_ringbuffer.o
 .debug_loc     0x0000182d       0x4c hpl/core/hpl_init.o
 .debug_loc     0x00001879       0xa3 hpl/gclk/hpl_gclk.o
 .debug_loc     0x0000191c      0x11b hpl/pm/hpl_pm.o
 .debug_loc     0x00001a37     0x6ca5 hpl/sercom/hpl_sercom.o
 .debug_loc     0x000086dc      0x160 hpl/sysctrl/hpl_sysctrl.o
 .debug_loc     0x0000883c       0xcd main.o

.debug_aranges  0x00000000      0x7c0
 .debug_aranges
                0x00000000       0x20 atmel_start.o
 .debug_aranges
                0x00000020       0x28 Device_Startup/startup_samd20.o
 .debug_aranges
                0x00000048       0x38 driver_init.o
 .debug_aranges
                0x00000080       0x30 hal/src/hal_atomic.o
 .debug_aranges
                0x000000b0       0x30 hal/src/hal_io.o
 .debug_aranges
                0x000000e0       0xe0 hal/src/hal_usart_async.o
 .debug_aranges
                0x000001c0       0x20 hal/utils/src/utils_assert.o
 .debug_aranges
                0x000001e0       0x40 hal/utils/src/utils_ringbuffer.o
 .debug_aranges
                0x00000220       0x20 hpl/core/hpl_init.o
 .debug_aranges
                0x00000240       0x28 hpl/gclk/hpl_gclk.o
 .debug_aranges
                0x00000268       0x30 hpl/pm/hpl_pm.o
 .debug_aranges
                0x00000298      0x4c8 hpl/sercom/hpl_sercom.o
 .debug_aranges
                0x00000760       0x28 hpl/sysctrl/hpl_sysctrl.o
 .debug_aranges
                0x00000788       0x38 main.o

.debug_ranges   0x00000000      0xb70
 .debug_ranges  0x00000000       0x10 atmel_start.o
 .debug_ranges  0x00000010       0x18 Device_Startup/startup_samd20.o
 .debug_ranges  0x00000028       0x28 driver_init.o
 .debug_ranges  0x00000050       0x20 hal/src/hal_atomic.o
 .debug_ranges  0x00000070       0x20 hal/src/hal_io.o
 .debug_ranges  0x00000090       0xf0 hal/src/hal_usart_async.o
 .debug_ranges  0x00000180       0x10 hal/utils/src/utils_assert.o
 .debug_ranges  0x00000190       0x30 hal/utils/src/utils_ringbuffer.o
 .debug_ranges  0x000001c0       0x10 hpl/core/hpl_init.o
 .debug_ranges  0x000001d0       0x18 hpl/gclk/hpl_gclk.o
 .debug_ranges  0x000001e8       0x20 hpl/pm/hpl_pm.o
 .debug_ranges  0x00000208      0x910 hpl/sercom/hpl_sercom.o
 .debug_ranges  0x00000b18       0x30 hpl/sysctrl/hpl_sysctrl.o
 .debug_ranges  0x00000b48       0x28 main.o

.debug_macro    0x00000000     0xf5fa
 .debug_macro   0x00000000      0x470 atmel_start.o
 .debug_macro   0x00000470      0x89e atmel_start.o
 .debug_macro   0x00000d0e      0x16d atmel_start.o
 .debug_macro   0x00000e7b       0x22 atmel_start.o
 .debug_macro   0x00000e9d       0x87 atmel_start.o
 .debug_macro   0x00000f24       0x51 atmel_start.o
 .debug_macro   0x00000f75       0xef atmel_start.o
 .debug_macro   0x00001064       0x6a atmel_start.o
 .debug_macro   0x000010ce      0x1df atmel_start.o
 .debug_macro   0x000012ad       0x22 atmel_start.o
 .debug_macro   0x000012cf       0x3f atmel_start.o
 .debug_macro   0x0000130e       0x1c atmel_start.o
 .debug_macro   0x0000132a       0x22 atmel_start.o
 .debug_macro   0x0000134c       0xb5 atmel_start.o
 .debug_macro   0x00001401      0x3ad atmel_start.o
 .debug_macro   0x000017ae      0x67e atmel_start.o
 .debug_macro   0x00001e2c      0x8b1 atmel_start.o
 .debug_macro   0x000026dd      0x222 atmel_start.o
 .debug_macro   0x000028ff      0x5e7 atmel_start.o
 .debug_macro   0x00002ee6      0x9f6 atmel_start.o
 .debug_macro   0x000038dc      0x5b5 atmel_start.o
 .debug_macro   0x00003e91      0x4a5 atmel_start.o
 .debug_macro   0x00004336      0x6e8 atmel_start.o
 .debug_macro   0x00004a1e       0x5e atmel_start.o
 .debug_macro   0x00004a7c      0x5de atmel_start.o
 .debug_macro   0x0000505a      0x3ac atmel_start.o
 .debug_macro   0x00005406      0xc76 atmel_start.o
 .debug_macro   0x0000607c      0xd23 atmel_start.o
 .debug_macro   0x00006d9f      0x7ac atmel_start.o
 .debug_macro   0x0000754b      0x6ba atmel_start.o
 .debug_macro   0x00007c05      0x340 atmel_start.o
 .debug_macro   0x00007f45       0x7c atmel_start.o
 .debug_macro   0x00007fc1       0x9a atmel_start.o
 .debug_macro   0x0000805b       0x46 atmel_start.o
 .debug_macro   0x000080a1       0xb2 atmel_start.o
 .debug_macro   0x00008153       0x6a atmel_start.o
 .debug_macro   0x000081bd      0x261 atmel_start.o
 .debug_macro   0x0000841e       0x7c atmel_start.o
 .debug_macro   0x0000849a       0xb2 atmel_start.o
 .debug_macro   0x0000854c       0x1c atmel_start.o
 .debug_macro   0x00008568       0x1c atmel_start.o
 .debug_macro   0x00008584       0x1c atmel_start.o
 .debug_macro   0x000085a0       0x82 atmel_start.o
 .debug_macro   0x00008622      0x15a atmel_start.o
 .debug_macro   0x0000877c       0x10 atmel_start.o
 .debug_macro   0x0000878c       0xdc atmel_start.o
 .debug_macro   0x00008868      0x100 atmel_start.o
 .debug_macro   0x00008968      0x100 atmel_start.o
 .debug_macro   0x00008a68      0x100 atmel_start.o
 .debug_macro   0x00008b68      0x100 atmel_start.o
 .debug_macro   0x00008c68      0x100 atmel_start.o
 .debug_macro   0x00008d68      0x100 atmel_start.o
 .debug_macro   0x00008e68       0xfa atmel_start.o
 .debug_macro   0x00008f62       0xbe atmel_start.o
 .debug_macro   0x00009020       0xbe atmel_start.o
 .debug_macro   0x000090de       0xbe atmel_start.o
 .debug_macro   0x0000919c       0xbe atmel_start.o
 .debug_macro   0x0000925a       0xbe atmel_start.o
 .debug_macro   0x00009318       0xbe atmel_start.o
 .debug_macro   0x000093d6       0xbe atmel_start.o
 .debug_macro   0x00009494       0xbe atmel_start.o
 .debug_macro   0x00009552       0x40 atmel_start.o
 .debug_macro   0x00009592      0x2f8 atmel_start.o
 .debug_macro   0x0000988a     0x1b18 atmel_start.o
 .debug_macro   0x0000b3a2       0x66 atmel_start.o
 .debug_macro   0x0000b408       0x10 atmel_start.o
 .debug_macro   0x0000b418       0x10 atmel_start.o
 .debug_macro   0x0000b428       0x16 atmel_start.o
 .debug_macro   0x0000b43e       0x16 atmel_start.o
 .debug_macro   0x0000b454       0x16 atmel_start.o
 .debug_macro   0x0000b46a       0x16 atmel_start.o
 .debug_macro   0x0000b480       0x16 atmel_start.o
 .debug_macro   0x0000b496       0x16 atmel_start.o
 .debug_macro   0x0000b4ac       0x16 atmel_start.o
 .debug_macro   0x0000b4c2       0x16 atmel_start.o
 .debug_macro   0x0000b4d8       0x16 atmel_start.o
 .debug_macro   0x0000b4ee       0x16 atmel_start.o
 .debug_macro   0x0000b504      0x4c3 atmel_start.o
 .debug_macro   0x0000b9c7       0x16 atmel_start.o
 .debug_macro   0x0000b9dd       0x16 atmel_start.o
 .debug_macro   0x0000b9f3       0x6a atmel_start.o
 .debug_macro   0x0000ba5d       0x16 atmel_start.o
 .debug_macro   0x0000ba73       0xca atmel_start.o
 .debug_macro   0x0000bb3d       0x1c atmel_start.o
 .debug_macro   0x0000bb59       0x16 atmel_start.o
 .debug_macro   0x0000bb6f       0x46 atmel_start.o
 .debug_macro   0x0000bbb5      0x2a2 Device_Startup/startup_samd20.o
 .debug_macro   0x0000be57       0x39 Device_Startup/startup_samd20.o
 .debug_macro   0x0000be90      0x492 driver_init.o
 .debug_macro   0x0000c322       0x28 driver_init.o
 .debug_macro   0x0000c34a       0xc9 driver_init.o
 .debug_macro   0x0000c413      0x39a hal/src/hal_atomic.o
 .debug_macro   0x0000c7ad      0x3ad hal/src/hal_io.o
 .debug_macro   0x0000cb5a      0x3f6 hal/src/hal_usart_async.o
 .debug_macro   0x0000cf50      0x3a3 hal/utils/src/utils_assert.o
 .debug_macro   0x0000d2f3       0x10 hal/utils/src/utils_assert.o
 .debug_macro   0x0000d303      0x3a7 hal/utils/src/utils_ringbuffer.o
 .debug_macro   0x0000d6aa      0x3ed hpl/core/hpl_init.o
 .debug_macro   0x0000da97       0x2e hpl/core/hpl_init.o
 .debug_macro   0x0000dac5      0x3b0 hpl/gclk/hpl_gclk.o
 .debug_macro   0x0000de75      0x1f3 hpl/gclk/hpl_gclk.o
 .debug_macro   0x0000e068      0x3d9 hpl/pm/hpl_pm.o
 .debug_macro   0x0000e441      0x5a9 hpl/sercom/hpl_sercom.o
 .debug_macro   0x0000e9ea       0x10 hpl/sercom/hpl_sercom.o
 .debug_macro   0x0000e9fa       0x1c hpl/sercom/hpl_sercom.o
 .debug_macro   0x0000ea16       0x22 hpl/sercom/hpl_sercom.o
 .debug_macro   0x0000ea38       0x10 hpl/sercom/hpl_sercom.o
 .debug_macro   0x0000ea48       0x70 hpl/sercom/hpl_sercom.o
 .debug_macro   0x0000eab8       0x88 hpl/sercom/hpl_sercom.o
 .debug_macro   0x0000eb40      0x3b0 hpl/sysctrl/hpl_sysctrl.o
 .debug_macro   0x0000eef0      0x29a hpl/sysctrl/hpl_sysctrl.o
 .debug_macro   0x0000f18a      0x470 main.o

.debug_line     0x00000000     0x9cff
 .debug_line    0x00000000      0x998 atmel_start.o
 .debug_line    0x00000998      0x68b Device_Startup/startup_samd20.o
 .debug_line    0x00001023      0xa6d driver_init.o
 .debug_line    0x00001a90      0x8a2 hal/src/hal_atomic.o
 .debug_line    0x00002332      0x8b6 hal/src/hal_io.o
 .debug_line    0x00002be8      0xb91 hal/src/hal_usart_async.o
 .debug_line    0x00003779      0x86c hal/utils/src/utils_assert.o
 .debug_line    0x00003fe5      0x90b hal/utils/src/utils_ringbuffer.o
 .debug_line    0x000048f0      0x902 hpl/core/hpl_init.o
 .debug_line    0x000051f2      0x8c6 hpl/gclk/hpl_gclk.o
 .debug_line    0x00005ab8      0x912 hpl/pm/hpl_pm.o
 .debug_line    0x000063ca     0x2654 hpl/sercom/hpl_sercom.o
 .debug_line    0x00008a1e      0x8ff hpl/sysctrl/hpl_sysctrl.o
 .debug_line    0x0000931d      0x9e2 main.o

.debug_str      0x00000000    0x51a68
 .debug_str     0x00000000    0x49bd3 atmel_start.o
                              0x4a04c (size before relaxing)
 .debug_str     0x00049bd3      0x4ec Device_Startup/startup_samd20.o
                              0x4617c (size before relaxing)
 .debug_str     0x0004a0bf     0x1505 driver_init.o
                              0x4b738 (size before relaxing)
 .debug_str     0x0004b5c4       0xbe hal/src/hal_atomic.o
                              0x49b7d (size before relaxing)
 .debug_str     0x0004b682       0x44 hal/src/hal_io.o
                              0x49c2a (size before relaxing)
 .debug_str     0x0004b6c6      0x6a2 hal/src/hal_usart_async.o
                              0x4aa94 (size before relaxing)
 .debug_str     0x0004bd68       0x2f hal/utils/src/utils_assert.o
                              0x49b8d (size before relaxing)
 .debug_str     0x0004bd97       0x24 hal/utils/src/utils_ringbuffer.o
                              0x49c33 (size before relaxing)
 .debug_str     0x0004bdbb      0x1df hpl/core/hpl_init.o
                              0x4a09f (size before relaxing)
 .debug_str     0x0004bf9a      0x81a hpl/gclk/hpl_gclk.o
                              0x4a475 (size before relaxing)
 .debug_str     0x0004c7b4      0x194 hpl/pm/hpl_pm.o
                              0x4a208 (size before relaxing)
 .debug_str     0x0004c948     0x4021 hpl/sercom/hpl_sercom.o
                              0x4ed80 (size before relaxing)
 .debug_str     0x00050969     0x105e hpl/sysctrl/hpl_sysctrl.o
                              0x4acbd (size before relaxing)
 .debug_str     0x000519c7       0xa1 main.o
                              0x4a391 (size before relaxing)

.debug_frame    0x00000000     0x13e0
 .debug_frame   0x00000000       0x28 atmel_start.o
 .debug_frame   0x00000028       0x38 Device_Startup/startup_samd20.o
 .debug_frame   0x00000060       0x70 driver_init.o
 .debug_frame   0x000000d0       0x40 hal/src/hal_atomic.o
 .debug_frame   0x00000110       0x58 hal/src/hal_io.o
 .debug_frame   0x00000168      0x2ac hal/src/hal_usart_async.o
 .debug_frame   0x00000414       0x20 hal/utils/src/utils_assert.o
 .debug_frame   0x00000434       0x94 hal/utils/src/utils_ringbuffer.o
 .debug_frame   0x000004c8       0x28 hpl/core/hpl_init.o
 .debug_frame   0x000004f0       0x30 hpl/gclk/hpl_gclk.o
 .debug_frame   0x00000520       0x40 hpl/pm/hpl_pm.o
 .debug_frame   0x00000560      0xdb4 hpl/sercom/hpl_sercom.o
 .debug_frame   0x00001314       0x30 hpl/sysctrl/hpl_sysctrl.o
 .debug_frame   0x00001344       0x70 main.o
 .debug_frame   0x000013b4       0x2c c:/program files (x86)/atmel/studio/7.0/toolchain/arm/arm-gnu-toolchain/bin/../lib/gcc/arm-none-eabi/6.3.1/../../../../arm-none-eabi/lib/thumb/v6-m\libc_nano.a(lib_a-init.o)
