Archive member included to satisfy reference by file (symbol)

c:/program files (x86)/atmel/studio/7.0/toolchain/arm/arm-gnu-toolchain/bin/../lib/gcc/arm-none-eabi/6.3.1/thumb/v6-m\libgcc.a(_udivsi3.o)
                              hpl/core/hpl_core_m0plus_base.o (__aeabi_uidiv)
c:/program files (x86)/atmel/studio/7.0/toolchain/arm/arm-gnu-toolchain/bin/../lib/gcc/arm-none-eabi/6.3.1/thumb/v6-m\libgcc.a(_dvmd_tls.o)
                              c:/program files (x86)/atmel/studio/7.0/toolchain/arm/arm-gnu-toolchain/bin/../lib/gcc/arm-none-eabi/6.3.1/thumb/v6-m\libgcc.a(_udivsi3.o) (__aeabi_idiv0)
c:/program files (x86)/atmel/studio/7.0/toolchain/arm/arm-gnu-toolchain/bin/../lib/gcc/arm-none-eabi/6.3.1/thumb/v6-m\libgcc.a(_aeabi_uldivmod.o)
                              hpl/sercom/hpl_sercom.o (__aeabi_uldivmod)
c:/program files (x86)/atmel/studio/7.0/toolchain/arm/arm-gnu-toolchain/bin/../lib/gcc/arm-none-eabi/6.3.1/thumb/v6-m\libgcc.a(_muldi3.o)
                              hpl/sercom/hpl_sercom.o (__aeabi_lmul)
c:/program files (x86)/atmel/studio/7.0/toolchain/arm/arm-gnu-toolchain/bin/../lib/gcc/arm-none-eabi/6.3.1/thumb/v6-m\libgcc.a(_fixunsdfsi.o)
                              hpl/sercom/hpl_sercom.o (__aeabi_d2uiz)
c:/program files (x86)/atmel/studio/7.0/toolchain/arm/arm-gnu-toolchain/bin/../lib/gcc/arm-none-eabi/6.3.1/thumb/v6-m\libgcc.a(_udivmoddi4.o)
                              c:/program files (x86)/atmel/studio/7.0/toolchain/arm/arm-gnu-toolchain/bin/../lib/gcc/arm-none-eabi/6.3.1/thumb/v6-m\libgcc.a(_aeabi_uldivmod.o) (__udivmoddi4)
c:/program files (x86)/atmel/studio/7.0/toolchain/arm/arm-gnu-toolchain/bin/../lib/gcc/arm-none-eabi/6.3.1/thumb/v6-m\libgcc.a(divdf3.o)
                              hpl/sercom/hpl_sercom.o (__aeabi_ddiv)
c:/program files (x86)/atmel/studio/7.0/toolchain/arm/arm-gnu-toolchain/bin/../lib/gcc/arm-none-eabi/6.3.1/thumb/v6-m\libgcc.a(muldf3.o)
                              hpl/sercom/hpl_sercom.o (__aeabi_dmul)
c:/program files (x86)/atmel/studio/7.0/toolchain/arm/arm-gnu-toolchain/bin/../lib/gcc/arm-none-eabi/6.3.1/thumb/v6-m\libgcc.a(subdf3.o)
                              hpl/sercom/hpl_sercom.o (__aeabi_dsub)
c:/program files (x86)/atmel/studio/7.0/toolchain/arm/arm-gnu-toolchain/bin/../lib/gcc/arm-none-eabi/6.3.1/thumb/v6-m\libgcc.a(fixdfsi.o)
                              c:/program files (x86)/atmel/studio/7.0/toolchain/arm/arm-gnu-toolchain/bin/../lib/gcc/arm-none-eabi/6.3.1/thumb/v6-m\libgcc.a(_fixunsdfsi.o) (__aeabi_d2iz)
c:/program files (x86)/atmel/studio/7.0/toolchain/arm/arm-gnu-toolchain/bin/../lib/gcc/arm-none-eabi/6.3.1/thumb/v6-m\libgcc.a(floatsidf.o)
                              hpl/sercom/hpl_sercom.o (__aeabi_i2d)
c:/program files (x86)/atmel/studio/7.0/toolchain/arm/arm-gnu-toolchain/bin/../lib/gcc/arm-none-eabi/6.3.1/thumb/v6-m\libgcc.a(floatunsidf.o)
                              hpl/sercom/hpl_sercom.o (__aeabi_ui2d)
c:/program files (x86)/atmel/studio/7.0/toolchain/arm/arm-gnu-toolchain/bin/../lib/gcc/arm-none-eabi/6.3.1/thumb/v6-m\libgcc.a(_arm_cmpdf2.o)
                              c:/program files (x86)/atmel/studio/7.0/toolchain/arm/arm-gnu-toolchain/bin/../lib/gcc/arm-none-eabi/6.3.1/thumb/v6-m\libgcc.a(_fixunsdfsi.o) (__aeabi_dcmpge)
c:/program files (x86)/atmel/studio/7.0/toolchain/arm/arm-gnu-toolchain/bin/../lib/gcc/arm-none-eabi/6.3.1/thumb/v6-m\libgcc.a(_clzsi2.o)
                              c:/program files (x86)/atmel/studio/7.0/toolchain/arm/arm-gnu-toolchain/bin/../lib/gcc/arm-none-eabi/6.3.1/thumb/v6-m\libgcc.a(divdf3.o) (__clzsi2)
c:/program files (x86)/atmel/studio/7.0/toolchain/arm/arm-gnu-toolchain/bin/../lib/gcc/arm-none-eabi/6.3.1/thumb/v6-m\libgcc.a(_clzdi2.o)
                              c:/program files (x86)/atmel/studio/7.0/toolchain/arm/arm-gnu-toolchain/bin/../lib/gcc/arm-none-eabi/6.3.1/thumb/v6-m\libgcc.a(_udivmoddi4.o) (__clzdi2)
c:/program files (x86)/atmel/studio/7.0/toolchain/arm/arm-gnu-toolchain/bin/../lib/gcc/arm-none-eabi/6.3.1/thumb/v6-m\libgcc.a(eqdf2.o)
                              c:/program files (x86)/atmel/studio/7.0/toolchain/arm/arm-gnu-toolchain/bin/../lib/gcc/arm-none-eabi/6.3.1/thumb/v6-m\libgcc.a(_arm_cmpdf2.o) (__eqdf2)
c:/program files (x86)/atmel/studio/7.0/toolchain/arm/arm-gnu-toolchain/bin/../lib/gcc/arm-none-eabi/6.3.1/thumb/v6-m\libgcc.a(gedf2.o)
                              c:/program files (x86)/atmel/studio/7.0/toolchain/arm/arm-gnu-toolchain/bin/../lib/gcc/arm-none-eabi/6.3.1/thumb/v6-m\libgcc.a(_arm_cmpdf2.o) (__gedf2)
c:/program files (x86)/atmel/studio/7.0/toolchain/arm/arm-gnu-toolchain/bin/../lib/gcc/arm-none-eabi/6.3.1/thumb/v6-m\libgcc.a(ledf2.o)
                              c:/program files (x86)/atmel/studio/7.0/toolchain/arm/arm-gnu-toolchain/bin/../lib/gcc/arm-none-eabi/6.3.1/thumb/v6-m\libgcc.a(_arm_cmpdf2.o) (__ledf2)
[...]
Memory Configuration

Name             Origin             Length             Attributes
rom              0x00000000         0x00040000         xr
ram              0x20000000         0x00008000         xrw
*default*        0x00000000         0xffffffff

Linker script and memory map

LOAD c:/program files (x86)/atmel/studio/7.0/toolchain/arm/arm-gnu-toolchain/bin/../lib/gcc/arm-none-eabi/6.3.1/thumb/v6-m/crti.o
LOAD c:/program files (x86)/atmel/studio/7.0/toolchain/arm/arm-gnu-toolchain/bin/../lib/gcc/arm-none-eabi/6.3.1/thumb/v6-m/crtbegin.o
LOAD c:/program files (x86)/atmel/studio/7.0/toolchain/arm/arm-gnu-toolchain/bin/../lib/gcc/arm-none-eabi/6.3.1/../../../../arm-none-eabi/lib/thumb/v6-m/crt0.o
LOAD atmel_start.o
LOAD Device_Startup/startup_samd20.o
LOAD Device_Startup/system_samd20.o
LOAD driver_init.o
LOAD edbg_uart_example.o
LOAD examples/driver_examples.o
LOAD hal/src/hal_atomic.o
LOAD hal/src/hal_delay.o
LOAD hal/src/hal_gpio.o
LOAD hal/src/hal_init.o
LOAD hal/src/hal_io.o
LOAD hal/src/hal_sleep.o
LOAD hal/src/hal_usart_async.o
LOAD hal/utils/src/utils_assert.o
LOAD hal/utils/src/utils_event.o
LOAD hal/utils/src/utils_list.o
LOAD hal/utils/src/utils_ringbuffer.o
LOAD hal/utils/src/utils_syscalls.o
LOAD hpl/core/hpl_core_m0plus_base.o
LOAD hpl/core/hpl_init.o
LOAD hpl/gclk/hpl_gclk.o
LOAD hpl/pm/hpl_pm.o
LOAD hpl/sercom/hpl_sercom.o
LOAD hpl/sysctrl/hpl_sysctrl.o
START GROUP
LOAD c:/program files (x86)/atmel/studio/7.0/toolchain/arm/arm-gnu-toolchain/bin/../lib/gcc/arm-none-eabi/6.3.1/../../../../arm-none-eabi/lib/thumb/v6-m\libm.a
END GROUP
START GROUP
LOAD c:/program files (x86)/atmel/studio/7.0/toolchain/arm/arm-gnu-toolchain/bin/../lib/gcc/arm-none-eabi/6.3.1/thumb/v6-m\libgcc.a
LOAD c:/program files (x86)/atmel/studio/7.0/toolchain/arm/arm-gnu-toolchain/bin/../lib/gcc/arm-none-eabi/6.3.1/../../../../arm-none-eabi/lib/thumb/v6-m\libc_nano.a
END GROUP
START GROUP
LOAD c:/program files (x86)/atmel/studio/7.0/toolchain/arm/arm-gnu-toolchain/bin/../lib/gcc/arm-none-eabi/6.3.1/thumb/v6-m\libgcc.a
LOAD c:/program files (x86)/atmel/studio/7.0/toolchain/arm/arm-gnu-toolchain/bin/../lib/gcc/arm-none-eabi/6.3.1/../../../../arm-none-eabi/lib/thumb/v6-m\libc_nano.a
END GROUP
LOAD c:/program files (x86)/atmel/studio/7.0/toolchain/arm/arm-gnu-toolchain/bin/../lib/gcc/arm-none-eabi/6.3.1/thumb/v6-m/crtend.o
LOAD c:/program files (x86)/atmel/studio/7.0/toolchain/arm/arm-gnu-toolchain/bin/../lib/gcc/arm-none-eabi/6.3.1/thumb/v6-m/crtn.o
                0x00002000                STACK_SIZE = DEFINED (STACK_SIZE)?STACK_SIZE:DEFINED (__stack_size__)?__stack_size__:0x2000

.text           0x00000000      0xb6c
                0x00000000                . = ALIGN (0x4)
                0x00000000                _sfixed = .
 *(.vectors .vectors.*)
 .vectors       0x00000000       0xa4 Device_Startup/startup_samd20.o
                0x00000000                exception_table
 *(.text .text.* .gnu.linkonce.t.*)
 .text          0x000000a4       0x60 c:/program files (x86)/atmel/studio/7.0/toolchain/arm/arm-gnu-toolchain/bin/../lib/gcc/arm-none-eabi/6.3.1/thumb/v6-m/crtbegin.o
 .text.atmel_start_init
                0x00000104        0xc atmel_start.o
                0x00000104                atmel_start_init
 .text.Dummy_Handler
                0x00000110        0x2 Device_Startup/startup_samd20.o
                0x00000110                SVCall_Handler
                0x00000110                HardFault_Handler
                0x00000110                TC2_Handler
                0x00000110                AC_Handler
                0x00000110                SysTick_Handler
                0x00000110                PendSV_Handler
                0x00000110                TC7_Handler
                0x00000110                SERCOM1_Handler
                0x00000110                ADC_Handler
                0x00000110                NonMaskableInt_Handler
                0x00000110                SERCOM2_Handler
                0x00000110                RTC_Handler
                0x00000110                EIC_Handler
                0x00000110                TC6_Handler
                0x00000110                WDT_Handler
                0x00000110                TC4_Handler
                0x00000110                TC1_Handler
                0x00000110                TC3_Handler
                0x00000110                Dummy_Handler
                0x00000110                PM_Handler
                0x00000110                SERCOM5_Handler
                0x00000110                EVSYS_Handler
                0x00000110                SERCOM4_Handler
                0x00000110                NVMCTRL_Handler
                0x00000110                SERCOM0_Handler
                0x00000110                DAC_Handler
                0x00000110                PTC_Handler
                0x00000110                TC0_Handler
                0x00000110                TC5_Handler
                0x00000110                SYSCTRL_Handler
 *fill*         0x00000112        0x2 
 .text.Reset_Handler
                0x00000114       0x98 Device_Startup/startup_samd20.o
                0x00000114                Reset_Handler
 .text.EDBG_COM_CLOCK_init
                0x000001ac       0x20 driver_init.o
                0x000001ac                EDBG_COM_CLOCK_init
 .text.EDBG_COM_PORT_init
                0x000001cc       0x40 driver_init.o
                0x000001cc                EDBG_COM_PORT_init
 .text.EDBG_COM_init
                0x0000020c       0x38 driver_init.o
                0x0000020c                EDBG_COM_init
 .text.system_init
                0x00000244       0x40 driver_init.o
                0x00000244                system_init
 .text.tx_cb_EDBG_COM
                0x00000284        0xc edbg_uart_example.o
 .text.rx_cb_EDBG_COM
                0x00000290        0xc edbg_uart_example.o
 .text.err_cb_EDBG_COM
                0x0000029c       0x1c edbg_uart_example.o
 .text.main     0x000002b8       0xa0 edbg_uart_example.o
                0x000002b8                main
 .text.atomic_enter_critical
                0x00000358        0xe hal/src/hal_atomic.o
                0x00000358                atomic_enter_critical
 .text.atomic_leave_critical
                0x00000366        0xc hal/src/hal_atomic.o
                0x00000366                atomic_leave_critical
 *fill*         0x00000372        0x2 
 .text.io_write
                0x00000374       0x34 hal/src/hal_io.o
                0x00000374                io_write
 .text.io_read  0x000003a8       0x34 hal/src/hal_io.o
                0x000003a8                io_read
 .text.usart_transmission_complete
                0x000003dc       0x12 hal/src/hal_usart_async.o
 .text.usart_error
                0x000003ee       0x12 hal/src/hal_usart_async.o
 .text.usart_fill_rx_buffer
                0x00000400       0x1c hal/src/hal_usart_async.o
 .text.usart_async_write
                0x0000041c       0x64 hal/src/hal_usart_async.o
 .text.usart_process_byte_sent
                0x00000480       0x40 hal/src/hal_usart_async.o
 .text.usart_async_read
                0x000004c0       0xe0 hal/src/hal_usart_async.o
 .text.usart_async_init
                0x000005a0       0x98 hal/src/hal_usart_async.o
                0x000005a0                usart_async_init
 .text.usart_async_enable
                0x00000638       0x2c hal/src/hal_usart_async.o
                0x00000638                usart_async_enable
 .text.usart_async_register_callback
                0x00000664       0x78 hal/src/hal_usart_async.o
                0x00000664                usart_async_register_callback
 .text.assert   0x000006dc        0x8 hal/utils/src/utils_assert.o
                0x000006dc                assert
 .text.ringbuffer_init
                0x000006e4       0x54 hal/utils/src/utils_ringbuffer.o
                0x000006e4                ringbuffer_init
 .text.ringbuffer_get
                0x00000738       0x48 hal/utils/src/utils_ringbuffer.o
                0x00000738                ringbuffer_get
 .text.ringbuffer_put
                0x00000780       0x40 hal/utils/src/utils_ringbuffer.o
                0x00000780                ringbuffer_put
 .text.ringbuffer_num
                0x000007c0       0x24 hal/utils/src/utils_ringbuffer.o
                0x000007c0                ringbuffer_num
 .text._init_chip
                0x000007e4       0x30 hpl/core/hpl_init.o
                0x000007e4                _init_chip
 .text._gclk_init_generators_by_fref
                0x00000814       0x20 hpl/gclk/hpl_gclk.o
                0x00000814                _gclk_init_generators_by_fref
 .text._pm_init
                0x00000834       0x20 hpl/pm/hpl_pm.o
                0x00000834                _pm_init
 .text._usart_init
                0x00000854       0x88 hpl/sercom/hpl_sercom.o
 .text._usart_async_init
                0x000008dc       0x7c hpl/sercom/hpl_sercom.o
                0x000008dc                _usart_async_init
 .text._usart_async_enable
                0x00000958       0x12 hpl/sercom/hpl_sercom.o
                0x00000958                _usart_async_enable
 .text._usart_async_write_byte
                0x0000096a        0x8 hpl/sercom/hpl_sercom.o
                0x0000096a                _usart_async_write_byte
 .text._usart_async_enable_byte_sent_irq
                0x00000972        0x8 hpl/sercom/hpl_sercom.o
                0x00000972                _usart_async_enable_byte_sent_irq
 .text._usart_async_enable_tx_done_irq
                0x0000097a        0x8 hpl/sercom/hpl_sercom.o
                0x0000097a                _usart_async_enable_tx_done_irq
 *fill*         0x00000982        0x2 
 .text._usart_async_set_irq_state
                0x00000984       0x5c hpl/sercom/hpl_sercom.o
                0x00000984                _usart_async_set_irq_state
 .text.SERCOM3_Handler
                0x000009e0       0x58 hpl/sercom/hpl_sercom.o
                0x000009e0                SERCOM3_Handler
 .text._sysctrl_init_sources
                0x00000a38       0x48 hpl/sysctrl/hpl_sysctrl.o
                0x00000a38                _sysctrl_init_sources
 .text._sysctrl_init_referenced_generators
                0x00000a80       0x10 hpl/sysctrl/hpl_sysctrl.o
                0x00000a80                _sysctrl_init_referenced_generators
 .text.__libc_init_array
                0x00000a90       0x48 c:/program files (x86)/atmel/studio/7.0/toolchain/arm/arm-gnu-toolchain/bin/../lib/gcc/arm-none-eabi/6.3.1/../../../../arm-none-eabi/lib/thumb/v6-m\libc_nano.a(lib_a-init.o)
                0x00000a90                __libc_init_array
 *(.glue_7t)
 .glue_7t       0x00000ad8        0x0 linker stubs
 *(.glue_7)
 .glue_7        0x00000ad8        0x0 linker stubs
 *(.rodata .rodata* .gnu.linkonce.r.*)
 .rodata.str1.4
                0x00000ad8       0x14 hal/src/hal_io.o
 .rodata.str1.4
                0x00000aec       0x1d hal/src/hal_usart_async.o
 *fill*         0x00000b09        0x3 
 .rodata.str1.4
                0x00000b0c       0x24 hal/utils/src/utils_ringbuffer.o
 .rodata.str1.4
                0x00000b30       0x1c hpl/sercom/hpl_sercom.o
                                 0x1b (size before relaxing)
 *(.ARM.extab* .gnu.linkonce.armextab.*)
                0x00000b4c                . = ALIGN (0x4)
 *(.init)
 .init          0x00000b4c        0x4 c:/program files (x86)/atmel/studio/7.0/toolchain/arm/arm-gnu-toolchain/bin/../lib/gcc/arm-none-eabi/6.3.1/thumb/v6-m/crti.o
                0x00000b4c                _init
 .init          0x00000b50        0x8 c:/program files (x86)/atmel/studio/7.0/toolchain/arm/arm-gnu-toolchain/bin/../lib/gcc/arm-none-eabi/6.3.1/thumb/v6-m/crtn.o
                0x00000b58                . = ALIGN (0x4)
                0x00000b58                __preinit_array_start = .
 *(.preinit_array)
                0x00000b58                __preinit_array_end = .
                0x00000b58                . = ALIGN (0x4)
                0x00000b58                __init_array_start = .
 *(SORT(.init_array.*))
 *(.init_array)
 .init_array    0x00000b58        0x4 c:/program files (x86)/atmel/studio/7.0/toolchain/arm/arm-gnu-toolchain/bin/../lib/gcc/arm-none-eabi/6.3.1/thumb/v6-m/crtbegin.o
                0x00000b5c                __init_array_end = .
                0x00000b5c                . = ALIGN (0x4)
 *crtbegin.o(.ctors)
 *(EXCLUDE_FILE(*crtend.o) .ctors)
 *(SORT(.ctors.*))
 *crtend.o(.ctors)
                0x00000b5c                . = ALIGN (0x4)
 *(.fini)
 .fini          0x00000b5c        0x4 c:/program files (x86)/atmel/studio/7.0/toolchain/arm/arm-gnu-toolchain/bin/../lib/gcc/arm-none-eabi/6.3.1/thumb/v6-m/crti.o
                0x00000b5c                _fini
 .fini          0x00000b60        0x8 c:/program files (x86)/atmel/studio/7.0/toolchain/arm/arm-gnu-toolchain/bin/../lib/gcc/arm-none-eabi/6.3.1/thumb/v6-m/crtn.o
                0x00000b68                . = ALIGN (0x4)
                0x00000b68                __fini_array_start = .
 *(.fini_array)
 .fini_array    0x00000b68        0x4 c:/program files (x86)/atmel/studio/7.0/toolchain/arm/arm-gnu-toolchain/bin/../lib/gcc/arm-none-eabi/6.3.1/thumb/v6-m/crtbegin.o
 *(SORT(.fini_array.*))
                0x00000b6c                __fini_array_end = .
 *crtbegin.o(.dtors)
 *(EXCLUDE_FILE(*crtend.o) .dtors)
 *(SORT(.dtors.*))
 *crtend.o(.dtors)
                0x00000b6c                . = ALIGN (0x4)
                0x00000b6c                _efixed = .
                [!provide]                PROVIDE (__exidx_start, .)

.vfp11_veneer   0x00000b6c        0x0
 .vfp11_veneer  0x00000b6c        0x0 linker stubs

.v4_bx          0x00000b6c        0x0
 .v4_bx         0x00000b6c        0x0 linker stubs

.iplt           0x00000b6c        0x0
 .iplt          0x00000b6c        0x0 c:/program files (x86)/atmel/studio/7.0/toolchain/arm/arm-gnu-toolchain/bin/../lib/gcc/arm-none-eabi/6.3.1/thumb/v6-m/crtbegin.o

.eh_frame       0x00000b6c        0x0
 .eh_frame      0x00000b6c        0x0 c:/program files (x86)/atmel/studio/7.0/toolchain/arm/arm-gnu-toolchain/bin/../lib/gcc/arm-none-eabi/6.3.1/thumb/v6-m/crtbegin.o

.rel.dyn        0x00000b6c        0x0
 .rel.iplt      0x00000b6c        0x0 c:/program files (x86)/atmel/studio/7.0/toolchain/arm/arm-gnu-toolchain/bin/../lib/gcc/arm-none-eabi/6.3.1/thumb/v6-m/crtbegin.o

.jcr            0x00000b6c        0x0
 .jcr           0x00000b6c        0x0 c:/program files (x86)/atmel/studio/7.0/toolchain/arm/arm-gnu-toolchain/bin/../lib/gcc/arm-none-eabi/6.3.1/thumb/v6-m/crtbegin.o

.igot.plt       0x00000b6c        0x0
 .igot.plt      0x00000b6c        0x0 c:/program files (x86)/atmel/studio/7.0/toolchain/arm/arm-gnu-toolchain/bin/../lib/gcc/arm-none-eabi/6.3.1/thumb/v6-m/crtbegin.o

.ARM.exidx
 *(.ARM.exidx* .gnu.linkonce.armexidx.*)
                [!provide]                PROVIDE (__exidx_end, .)
                0x00000b6c                . = ALIGN (0x4)
                0x00000b6c                _etext = .

.relocate       0x20000000        0xc load address 0x00000b6c
                0x20000000                . = ALIGN (0x4)
                0x20000000                _srelocate = .
 *(.ramfunc .ramfunc.*)
 *(.data .data.*)
 .data          0x20000000        0xc edbg_uart_example.o
                0x2000000c                . = ALIGN (0x4)
                0x2000000c                _erelocate = .

.bss            0x2000000c       0x84 load address 0x00000b78
                0x2000000c                . = ALIGN (0x4)
                0x2000000c                _sbss = .
                0x2000000c                _szero = .
 *(.bss .bss.*)
 .bss           0x2000000c       0x1c c:/program files (x86)/atmel/studio/7.0/toolchain/arm/arm-gnu-toolchain/bin/../lib/gcc/arm-none-eabi/6.3.1/thumb/v6-m/crtbegin.o
 .bss           0x20000028       0x10 driver_init.o
 .bss           0x20000038        0x4 edbg_uart_example.o
 .bss           0x2000003c        0x4 hpl/sercom/hpl_sercom.o
 *(COMMON)
 COMMON         0x20000040       0x50 driver_init.o
                0x20000040                EDBG_COM
                0x20000090                . = ALIGN (0x4)
                0x20000090                _ebss = .
                0x20000090                _ezero = .

.stack          0x20000090     0x2000 load address 0x00000bfc
                0x20000090                . = ALIGN (0x8)
                0x20000090                _sstack = .
                0x20002090                . = (. + STACK_SIZE)
 *fill*         0x20000090     0x2000 
                0x20002090                . = ALIGN (0x8)
                0x20002090                _estack = .
                0x20002090                . = ALIGN (0x4)
                0x20002090                _end = .
OUTPUT(HAL_USART_INTERFACE_CALLBACK_EDBG.elf elf32-littlearm)

.ARM.attributes
                0x00000000       0x28
 .ARM.attributes
                0x00000000       0x1e c:/program files (x86)/atmel/studio/7.0/toolchain/arm/arm-gnu-toolchain/bin/../lib/gcc/arm-none-eabi/6.3.1/thumb/v6-m/crti.o
 .ARM.attributes
                0x0000001e       0x2c c:/program files (x86)/atmel/studio/7.0/toolchain/arm/arm-gnu-toolchain/bin/../lib/gcc/arm-none-eabi/6.3.1/thumb/v6-m/crtbegin.o
 .ARM.attributes
                0x0000004a       0x32 atmel_start.o
 .ARM.attributes
                0x0000007c       0x32 Device_Startup/startup_samd20.o
 .ARM.attributes
                0x000000ae       0x32 driver_init.o
 .ARM.attributes
                0x000000e0       0x32 edbg_uart_example.o
 .ARM.attributes
                0x00000112       0x32 hal/src/hal_atomic.o
 .ARM.attributes
                0x00000144       0x32 hal/src/hal_io.o
 .ARM.attributes
                0x00000176       0x32 hal/src/hal_usart_async.o
 .ARM.attributes
                0x000001a8       0x32 hal/utils/src/utils_assert.o
 .ARM.attributes
                0x000001da       0x32 hal/utils/src/utils_ringbuffer.o
 .ARM.attributes
                0x0000020c       0x32 hpl/core/hpl_init.o
 .ARM.attributes
                0x0000023e       0x32 hpl/gclk/hpl_gclk.o
 .ARM.attributes
                0x00000270       0x32 hpl/pm/hpl_pm.o
 .ARM.attributes
                0x000002a2       0x32 hpl/sercom/hpl_sercom.o
 .ARM.attributes
                0x000002d4       0x32 hpl/sysctrl/hpl_sysctrl.o
 .ARM.attributes
                0x00000306       0x2c c:/program files (x86)/atmel/studio/7.0/toolchain/arm/arm-gnu-toolchain/bin/../lib/gcc/arm-none-eabi/6.3.1/../../../../arm-none-eabi/lib/thumb/v6-m\libc_nano.a(lib_a-init.o)
 .ARM.attributes
                0x00000332       0x1e c:/program files (x86)/atmel/studio/7.0/toolchain/arm/arm-gnu-toolchain/bin/../lib/gcc/arm-none-eabi/6.3.1/thumb/v6-m/crtn.o

.comment        0x00000000       0x59
 .comment       0x00000000       0x59 atmel_start.o
                                 0x5a (size before relaxing)
 .comment       0x00000059       0x5a Device_Startup/startup_samd20.o
 .comment       0x00000059       0x5a driver_init.o
 .comment       0x00000059       0x5a edbg_uart_example.o
 .comment       0x00000059       0x5a hal/src/hal_atomic.o
 .comment       0x00000059       0x5a hal/src/hal_io.o
 .comment       0x00000059       0x5a hal/src/hal_usart_async.o
 .comment       0x00000059       0x5a hal/utils/src/utils_assert.o
 .comment       0x00000059       0x5a hal/utils/src/utils_ringbuffer.o
 .comment       0x00000059       0x5a hpl/core/hpl_init.o
 .comment       0x00000059       0x5a hpl/gclk/hpl_gclk.o
 .comment       0x00000059       0x5a hpl/pm/hpl_pm.o
 .comment       0x00000059       0x5a hpl/sercom/hpl_sercom.o
 .comment       0x00000059       0x5a hpl/sysctrl/hpl_sysctrl.o

.debug_info     0x00000000    0x14dd1
 .debug_info    0x00000000      0x3d3 atmel_start.o
 .debug_info    0x000003d3      0x9c4 Device_Startup/startup_samd20.o
 .debug_info    0x00000d97     0x44ea driver_init.o
 .debug_info    0x00005281     0x162a edbg_uart_example.o
 .debug_info    0x000068ab      0x1d1 hal/src/hal_atomic.o
 .debug_info    0x00006a7c      0x2b2 hal/src/hal_io.o
 .debug_info    0x00006d2e     0x1366 hal/src/hal_usart_async.o
 .debug_info    0x00008094      0x107 hal/utils/src/utils_assert.o
 .debug_info    0x0000819b      0x313 hal/utils/src/utils_ringbuffer.o
 .debug_info    0x000084ae      0x677 hpl/core/hpl_init.o
 .debug_info    0x00008b25      0x4e1 hpl/gclk/hpl_gclk.o
 .debug_info    0x00009006      0xbfe hpl/pm/hpl_pm.o
 .debug_info    0x00009c04     0xa0ec hpl/sercom/hpl_sercom.o
 .debug_info    0x00013cf0     0x10e1 hpl/sysctrl/hpl_sysctrl.o

.debug_abbrev   0x00000000     0x1d4c
 .debug_abbrev  0x00000000       0xe3 atmel_start.o
 .debug_abbrev  0x000000e3      0x1e4 Device_Startup/startup_samd20.o
 .debug_abbrev  0x000002c7      0x37b driver_init.o
 .debug_abbrev  0x00000642      0x339 edbg_uart_example.o
 .debug_abbrev  0x0000097b      0x144 hal/src/hal_atomic.o
 .debug_abbrev  0x00000abf      0x115 hal/src/hal_io.o
 .debug_abbrev  0x00000bd4      0x29d hal/src/hal_usart_async.o
 .debug_abbrev  0x00000e71       0x86 hal/utils/src/utils_assert.o
 .debug_abbrev  0x00000ef7      0x101 hal/utils/src/utils_ringbuffer.o
 .debug_abbrev  0x00000ff8      0x1cc hpl/core/hpl_init.o
 .debug_abbrev  0x000011c4      0x1c3 hpl/gclk/hpl_gclk.o
 .debug_abbrev  0x00001387      0x226 hpl/pm/hpl_pm.o
 .debug_abbrev  0x000015ad      0x593 hpl/sercom/hpl_sercom.o
 .debug_abbrev  0x00001b40      0x20c hpl/sysctrl/hpl_sysctrl.o

.debug_loc      0x00000000     0x8909
 .debug_loc     0x00000000       0x20 atmel_start.o
 .debug_loc     0x00000020       0x40 Device_Startup/startup_samd20.o
 .debug_loc     0x00000060      0x3c8 driver_init.o
 .debug_loc     0x00000428       0xcd edbg_uart_example.o
 .debug_loc     0x000004f5       0x13 hal/src/hal_atomic.o
 .debug_loc     0x00000508      0x18a hal/src/hal_io.o
 .debug_loc     0x00000692      0xf97 hal/src/hal_usart_async.o
 .debug_loc     0x00001629      0x2d1 hal/utils/src/utils_ringbuffer.o
 .debug_loc     0x000018fa       0x4c hpl/core/hpl_init.o
 .debug_loc     0x00001946       0xa3 hpl/gclk/hpl_gclk.o
 .debug_loc     0x000019e9      0x11b hpl/pm/hpl_pm.o
 .debug_loc     0x00001b04     0x6ca5 hpl/sercom/hpl_sercom.o
 .debug_loc     0x000087a9      0x160 hpl/sysctrl/hpl_sysctrl.o

.debug_aranges  0x00000000      0x7c0
 .debug_aranges
                0x00000000       0x20 atmel_start.o
 .debug_aranges
                0x00000020       0x28 Device_Startup/startup_samd20.o
 .debug_aranges
                0x00000048       0x38 driver_init.o
 .debug_aranges
                0x00000080       0x38 edbg_uart_example.o
 .debug_aranges
                0x000000b8       0x30 hal/src/hal_atomic.o
 .debug_aranges
                0x000000e8       0x30 hal/src/hal_io.o
 .debug_aranges
                0x00000118       0xe0 hal/src/hal_usart_async.o
 .debug_aranges
                0x000001f8       0x20 hal/utils/src/utils_assert.o
 .debug_aranges
                0x00000218       0x40 hal/utils/src/utils_ringbuffer.o
 .debug_aranges
                0x00000258       0x20 hpl/core/hpl_init.o
 .debug_aranges
                0x00000278       0x28 hpl/gclk/hpl_gclk.o
 .debug_aranges
                0x000002a0       0x30 hpl/pm/hpl_pm.o
 .debug_aranges
                0x000002d0      0x4c8 hpl/sercom/hpl_sercom.o
 .debug_aranges
                0x00000798       0x28 hpl/sysctrl/hpl_sysctrl.o

.debug_ranges   0x00000000      0xb70
 .debug_ranges  0x00000000       0x10 atmel_start.o
 .debug_ranges  0x00000010       0x18 Device_Startup/startup_samd20.o
 .debug_ranges  0x00000028       0x28 driver_init.o
 .debug_ranges  0x00000050       0x28 edbg_uart_example.o
 .debug_ranges  0x00000078       0x20 hal/src/hal_atomic.o
 .debug_ranges  0x00000098       0x20 hal/src/hal_io.o
 .debug_ranges  0x000000b8       0xf0 hal/src/hal_usart_async.o
 .debug_ranges  0x000001a8       0x10 hal/utils/src/utils_assert.o
 .debug_ranges  0x000001b8       0x30 hal/utils/src/utils_ringbuffer.o
 .debug_ranges  0x000001e8       0x10 hpl/core/hpl_init.o
 .debug_ranges  0x000001f8       0x18 hpl/gclk/hpl_gclk.o
 .debug_ranges  0x00000210       0x20 hpl/pm/hpl_pm.o
 .debug_ranges  0x00000230      0x910 hpl/sercom/hpl_sercom.o
 .debug_ranges  0x00000b40       0x30 hpl/sysctrl/hpl_sysctrl.o

.debug_macro    0x00000000     0xfdc9
 .debug_macro   0x00000000      0x470 atmel_start.o
 .debug_macro   0x00000470      0x89e atmel_start.o
 .debug_macro   0x00000d0e      0x16d atmel_start.o
 .debug_macro   0x00000e7b       0x22 atmel_start.o
 .debug_macro   0x00000e9d       0x87 atmel_start.o
 .debug_macro   0x00000f24       0x51 atmel_start.o
 .debug_macro   0x00000f75       0xef atmel_start.o
 .debug_macro   0x00001064       0x6a atmel_start.o
 .debug_macro   0x000010ce      0x1df atmel_start.o
 .debug_macro   0x000012ad       0x22 atmel_start.o
 .debug_macro   0x000012cf       0x3f atmel_start.o
 .debug_macro   0x0000130e       0x1c atmel_start.o
 .debug_macro   0x0000132a       0x22 atmel_start.o
 .debug_macro   0x0000134c       0xb5 atmel_start.o
 .debug_macro   0x00001401      0x3ad atmel_start.o
 .debug_macro   0x000017ae      0x67e atmel_start.o
 .debug_macro   0x00001e2c      0x8b1 atmel_start.o
 .debug_macro   0x000026dd      0x222 atmel_start.o
 .debug_macro   0x000028ff      0x5e7 atmel_start.o
 .debug_macro   0x00002ee6      0x9f6 atmel_start.o
 .debug_macro   0x000038dc      0x5b5 atmel_start.o
 .debug_macro   0x00003e91      0x4a5 atmel_start.o
 .debug_macro   0x00004336      0x6e8 atmel_start.o
 .debug_macro   0x00004a1e       0x5e atmel_start.o
 .debug_macro   0x00004a7c      0x5de atmel_start.o
 .debug_macro   0x0000505a      0x3ac atmel_start.o
 .debug_macro   0x00005406      0xc76 atmel_start.o
 .debug_macro   0x0000607c      0xd23 atmel_start.o
 .debug_macro   0x00006d9f      0x7ac atmel_start.o
 .debug_macro   0x0000754b      0x6ba atmel_start.o
 .debug_macro   0x00007c05      0x340 atmel_start.o
 .debug_macro   0x00007f45       0x7c atmel_start.o
 .debug_macro   0x00007fc1       0x9a atmel_start.o
 .debug_macro   0x0000805b       0x46 atmel_start.o
 .debug_macro   0x000080a1       0xb2 atmel_start.o
 .debug_macro   0x00008153       0x6a atmel_start.o
 .debug_macro   0x000081bd      0x261 atmel_start.o
 .debug_macro   0x0000841e       0x7c atmel_start.o
 .debug_macro   0x0000849a       0xb2 atmel_start.o
 .debug_macro   0x0000854c       0x1c atmel_start.o
 .debug_macro   0x00008568       0x1c atmel_start.o
 .debug_macro   0x00008584       0x1c atmel_start.o
 .debug_macro   0x000085a0       0x82 atmel_start.o
 .debug_macro   0x00008622      0x15a atmel_start.o
 .debug_macro   0x0000877c       0x10 atmel_start.o
 .debug_macro   0x0000878c       0xdc atmel_start.o
 .debug_macro   0x00008868      0x100 atmel_start.o
 .debug_macro   0x00008968      0x100 atmel_start.o
 .debug_macro   0x00008a68      0x100 atmel_start.o
 .debug_macro   0x00008b68      0x100 atmel_start.o
 .debug_macro   0x00008c68      0x100 atmel_start.o
 .debug_macro   0x00008d68      0x100 atmel_start.o
 .debug_macro   0x00008e68       0xfa atmel_start.o
 .debug_macro   0x00008f62       0xbe atmel_start.o
 .debug_macro   0x00009020       0xbe atmel_start.o
 .debug_macro   0x000090de       0xbe atmel_start.o
 .debug_macro   0x0000919c       0xbe atmel_start.o
 .debug_macro   0x0000925a       0xbe atmel_start.o
 .debug_macro   0x00009318       0xbe atmel_start.o
 .debug_macro   0x000093d6       0xbe atmel_start.o
 .debug_macro   0x00009494       0xbe atmel_start.o
 .debug_macro   0x00009552       0x40 atmel_start.o
 .debug_macro   0x00009592      0x2f8 atmel_start.o
 .debug_macro   0x0000988a     0x1b18 atmel_start.o
 .debug_macro   0x0000b3a2       0x66 atmel_start.o
 .debug_macro   0x0000b408       0x10 atmel_start.o
 .debug_macro   0x0000b418       0x10 atmel_start.o
 .debug_macro   0x0000b428       0x16 atmel_start.o
 .debug_macro   0x0000b43e       0x16 atmel_start.o
 .debug_macro   0x0000b454       0x16 atmel_start.o
 .debug_macro   0x0000b46a       0x16 atmel_start.o
 .debug_macro   0x0000b480       0x16 atmel_start.o
 .debug_macro   0x0000b496       0x16 atmel_start.o
 .debug_macro   0x0000b4ac       0x16 atmel_start.o
 .debug_macro   0x0000b4c2       0x16 atmel_start.o
 .debug_macro   0x0000b4d8       0x16 atmel_start.o
 .debug_macro   0x0000b4ee       0x16 atmel_start.o
 .debug_macro   0x0000b504      0x4c3 atmel_start.o
 .debug_macro   0x0000b9c7       0x16 atmel_start.o
 .debug_macro   0x0000b9dd       0x16 atmel_start.o
 .debug_macro   0x0000b9f3       0x6a atmel_start.o
 .debug_macro   0x0000ba5d       0x16 atmel_start.o
 .debug_macro   0x0000ba73       0xca atmel_start.o
 .debug_macro   0x0000bb3d       0x1c atmel_start.o
 .debug_macro   0x0000bb59       0x16 atmel_start.o
 .debug_macro   0x0000bb6f       0x46 atmel_start.o
 .debug_macro   0x0000bbb5      0x2a2 Device_Startup/startup_samd20.o
 .debug_macro   0x0000be57       0x39 Device_Startup/startup_samd20.o
 .debug_macro   0x0000be90      0x492 driver_init.o
 .debug_macro   0x0000c322       0x28 driver_init.o
 .debug_macro   0x0000c34a       0xc9 driver_init.o
 .debug_macro   0x0000c413      0x523 edbg_uart_example.o
 .debug_macro   0x0000c936       0x58 edbg_uart_example.o
 .debug_macro   0x0000c98e       0x35 edbg_uart_example.o
 .debug_macro   0x0000c9c3       0x9c edbg_uart_example.o
 .debug_macro   0x0000ca5f       0x58 edbg_uart_example.o
 .debug_macro   0x0000cab7       0x1f edbg_uart_example.o
 .debug_macro   0x0000cad6       0x43 edbg_uart_example.o
 .debug_macro   0x0000cb19       0x20 edbg_uart_example.o
 .debug_macro   0x0000cb39      0x187 edbg_uart_example.o
 .debug_macro   0x0000ccc0      0x34d edbg_uart_example.o
 .debug_macro   0x0000d00d       0x10 edbg_uart_example.o
 .debug_macro   0x0000d01d       0x35 edbg_uart_example.o
 .debug_macro   0x0000d052      0x39a hal/src/hal_atomic.o
 .debug_macro   0x0000d3ec      0x3ad hal/src/hal_io.o
 .debug_macro   0x0000d799      0x3f6 hal/src/hal_usart_async.o
 .debug_macro   0x0000db8f      0x3a3 hal/utils/src/utils_assert.o
 .debug_macro   0x0000df32       0x10 hal/utils/src/utils_assert.o
 .debug_macro   0x0000df42      0x3a7 hal/utils/src/utils_ringbuffer.o
 .debug_macro   0x0000e2e9      0x3ed hpl/core/hpl_init.o
 .debug_macro   0x0000e6d6       0x2e hpl/core/hpl_init.o
 .debug_macro   0x0000e704      0x3b0 hpl/gclk/hpl_gclk.o
 .debug_macro   0x0000eab4      0x1f3 hpl/gclk/hpl_gclk.o
 .debug_macro   0x0000eca7      0x3d9 hpl/pm/hpl_pm.o
 .debug_macro   0x0000f080      0x5a9 hpl/sercom/hpl_sercom.o
 .debug_macro   0x0000f629       0x10 hpl/sercom/hpl_sercom.o
 .debug_macro   0x0000f639       0x1c hpl/sercom/hpl_sercom.o
 .debug_macro   0x0000f655       0x22 hpl/sercom/hpl_sercom.o
 .debug_macro   0x0000f677       0x10 hpl/sercom/hpl_sercom.o
 .debug_macro   0x0000f687       0x70 hpl/sercom/hpl_sercom.o
 .debug_macro   0x0000f6f7       0x88 hpl/sercom/hpl_sercom.o
 .debug_macro   0x0000f77f      0x3b0 hpl/sysctrl/hpl_sysctrl.o
 .debug_macro   0x0000fb2f      0x29a hpl/sysctrl/hpl_sysctrl.o

.debug_line     0x00000000     0x9d90
 .debug_line    0x00000000      0x998 atmel_start.o
 .debug_line    0x00000998      0x68b Device_Startup/startup_samd20.o
 .debug_line    0x00001023      0xa6d driver_init.o
 .debug_line    0x00001a90      0xa73 edbg_uart_example.o
 .debug_line    0x00002503      0x8a2 hal/src/hal_atomic.o
 .debug_line    0x00002da5      0x8b6 hal/src/hal_io.o
 .debug_line    0x0000365b      0xb91 hal/src/hal_usart_async.o
 .debug_line    0x000041ec      0x86c hal/utils/src/utils_assert.o
 .debug_line    0x00004a58      0x90b hal/utils/src/utils_ringbuffer.o
 .debug_line    0x00005363      0x902 hpl/core/hpl_init.o
 .debug_line    0x00005c65      0x8c6 hpl/gclk/hpl_gclk.o
 .debug_line    0x0000652b      0x912 hpl/pm/hpl_pm.o
 .debug_line    0x00006e3d     0x2654 hpl/sercom/hpl_sercom.o
 .debug_line    0x00009491      0x8ff hpl/sysctrl/hpl_sysctrl.o

.debug_str      0x00000000    0x546aa
 .debug_str     0x00000000    0x49be8 atmel_start.o
                              0x4a067 (size before relaxing)
 .debug_str     0x00049be8      0x4ec Device_Startup/startup_samd20.o
                              0x46186 (size before relaxing)
 .debug_str     0x0004a0d4     0x1500 driver_init.o
                              0x4b759 (size before relaxing)
 .debug_str     0x0004b5d4     0x2d5e edbg_uart_example.o
                              0x4d047 (size before relaxing)
 .debug_str     0x0004e332       0xb7 hal/src/hal_atomic.o
                              0x49b87 (size before relaxing)
 .debug_str     0x0004e3e9       0x2a hal/src/hal_io.o
                              0x49c34 (size before relaxing)
 .debug_str     0x0004e413      0x644 hal/src/hal_usart_async.o
                              0x4aa9e (size before relaxing)
 .debug_str     0x0004ea57       0x2a hal/utils/src/utils_assert.o
                              0x49b97 (size before relaxing)
 .debug_str     0x0004ea81       0x24 hal/utils/src/utils_ringbuffer.o
                              0x49c3d (size before relaxing)
 .debug_str     0x0004eaa5      0x1df hpl/core/hpl_init.o
                              0x4a0aa (size before relaxing)
 .debug_str     0x0004ec84      0x81a hpl/gclk/hpl_gclk.o
                              0x4a47f (size before relaxing)
 .debug_str     0x0004f49e      0x194 hpl/pm/hpl_pm.o
                              0x4a213 (size before relaxing)
 .debug_str     0x0004f632     0x401a hpl/sercom/hpl_sercom.o
                              0x4ed8b (size before relaxing)
 .debug_str     0x0005364c     0x105e hpl/sysctrl/hpl_sysctrl.o
                              0x4acc7 (size before relaxing)

.debug_frame    0x00000000     0x13e0
 .debug_frame   0x00000000       0x28 atmel_start.o
 .debug_frame   0x00000028       0x38 Device_Startup/startup_samd20.o
 .debug_frame   0x00000060       0x70 driver_init.o
 .debug_frame   0x000000d0       0x70 edbg_uart_example.o
 .debug_frame   0x00000140       0x40 hal/src/hal_atomic.o
 .debug_frame   0x00000180       0x58 hal/src/hal_io.o
 .debug_frame   0x000001d8      0x2ac hal/src/hal_usart_async.o
 .debug_frame   0x00000484       0x20 hal/utils/src/utils_assert.o
 .debug_frame   0x000004a4       0x94 hal/utils/src/utils_ringbuffer.o
 .debug_frame   0x00000538       0x28 hpl/core/hpl_init.o
 .debug_frame   0x00000560       0x30 hpl/gclk/hpl_gclk.o
 .debug_frame   0x00000590       0x40 hpl/pm/hpl_pm.o
 .debug_frame   0x000005d0      0xdb4 hpl/sercom/hpl_sercom.o
 .debug_frame   0x00001384       0x30 hpl/sysctrl/hpl_sysctrl.o
 .debug_frame   0x000013b4       0x2c c:/program files (x86)/atmel/studio/7.0/toolchain/arm/arm-gnu-toolchain/bin/../lib/gcc/arm-none-eabi/6.3.1/../../../../arm-none-eabi/lib/thumb/v6-m\libc_nano.a(lib_a-init.o)
